{
  $type: 'Dictionary<string, string>',
  key: 'value',
  a\b: 'a\b',
  a\\b: 'a\\b',
  a"b: 'a"b',
  a/b: 'a/b',
  a//b: 'a//b',
  a\/b: 'a\/b'
}