{
  "$type": "OrderedEnumerable<IncomingVerifyTarget, Guid>",
  "$values": [
    {
      "$type": "IncomingVerifyTarget",
      "Expires": "DateTime 1",
      "Headers": "headers",
      "Id": "Guid 1",
      "Body": "{}"
    }
  ]
}