{
  "$type": "OrderedEnumerable<IncomingVerifyTarget, Guid>",
  "$values": [
    {
      "$type": "IncomingVerifyTarget",
      "Headers": "{}",
      "Id": "Guid 1"
    }
  ]
}