{
  $type: 'dynamic',
  FileName: 'attachment.txt',
  Body: '{}',
  ClientUrl: 'TheReferer',
  Destination: 'TheEndpoint',
  Id: 'Guid 1',
  Type: 'TheMessageType'
}