{
  "Id": "00000000-0000-0000-0000-000000000001",
  "RowVersion": 1,
  "Expires": "2000-01-01T01:01:01",
  "Headers": "headers",
  "Body": "e30="
}