[
  {
    "Headers": "headers",
    "BodyString": "絻",
    "Body": "e30=",
    "Due": "2000-01-01T01:01:01",
    "RowVersion": 1
  }
]