{
  "$type": "List<string>",
  "$values": [
    "value",
    "a\\b",
    "a\\\\b",
    "a\"b",
    "a/b",
    "a//b",
    "a\\/b"
  ]
}