CREATE TABLE [dbo].[MainQueueCreationTests](
	[Id] [uniqueidentifier] NOT NULL,
	[CorrelationId] [varchar](255) COLLATE Latin1_General_CI_AS NULL,
	[ReplyToAddress] [varchar](255) COLLATE Latin1_General_CI_AS NULL,
	[Recoverable] [bit] NOT NULL,
	[Expires] [datetime] NULL,
	[Headers] [nvarchar](max) COLLATE Latin1_General_CI_AS NOT NULL,
	[BodyString]  AS (CONVERT([varchar](max),[Body])),
	[Body] [varbinary](max) NULL,
	[RowVersion] [bigint] IDENTITY(1,1) NOT NULL
) ON [PRIMARY] TEXTIMAGE_ON [PRIMARY]
