[
  {
    "Headers": "{}",
    "BodyString": null,
    "Body": null,
    "Due": "2000-01-01T01:01:01",
    "RowVersion": 1
  }
]