[
  {
    "Id": "00000000-0000-0000-0000-000000000001",
    "CorrelationId": null,
    "ReplyToAddress": null,
    "Recoverable": true,
    "Expires": null,
    "Headers": "headers",
    "BodyString": "{}",
    "Body": "e30=",
    "RowVersion": 1
  }
]