{
  "RowVersion": 1,
  "Due": "2000-01-01T01:01:01",
  "Headers": "{}"
}