[
  {
    "RowVersion": 1,
    "Due": "2000-01-01T01:01:01",
    "Headers": "headers",
    "Body": "e30="
  },
  {
    "RowVersion": 2,
    "Due": "2000-01-01T01:01:01",
    "Headers": "{}"
  },
  {
    "RowVersion": 3,
    "Due": "2000-01-01T01:01:01",
    "Headers": "headers",
    "Body": "e30="
  }
]