{
  "$type": "OrderedEnumerable<IncomingDelayedVerifyTarget, DateTime>",
  "$values": [
    {
      "$type": "IncomingDelayedVerifyTarget",
      "Headers": "{}",
      "Due": "DateTime 1"
    },
    {
      "$type": "IncomingDelayedVerifyTarget",
      "Headers": "headers",
      "Due": "DateTime 2",
      "Body": "{}"
    },
    {
      "$type": "IncomingDelayedVerifyTarget",
      "Headers": "{}",
      "Due": "DateTime 3"
    }
  ]
}