[
  {
    $type: 'IncomingDelayedVerifyTarget',
    Headers: 'headers',
    Due: 'DateTime 1',
    Body: '{}'
  },
  {
    $type: 'IncomingDelayedVerifyTarget',
    Headers: 'headers',
    Due: 'DateTime 1',
    Body: '{}'
  }
]