{
  "$type": "IEnumerable<IDictionary<string, object>>",
  "$values": [
    {
      "$type": "Dictionary<string, object>",
      "Id": "Guid 1"
    }
  ]
}