[
  {
    "$type": "IncomingDelayedVerifyTarget",
    "Headers": "{}",
    "Due": "DateTime 1"
  }
]