[
  {
    "Headers": "headers",
    "BodyString": "{}",
    "Body": "e30=",
    "Due": "2000-01-01T01:01:01",
    "RowVersion": 1
  },
  {
    "Headers": "headers",
    "BodyString": "{}",
    "Body": "e30=",
    "Due": "2000-01-01T01:01:01",
    "RowVersion": 2
  }
]