{
  "$type": "OrderedEnumerable<IncomingDelayedVerifyTarget, DateTime>",
  "$values": [
    {
      "$type": "IncomingDelayedVerifyTarget",
      "Headers": "headers",
      "Due": "DateTime 1",
      "Body": "{}"
    }
  ]
}