{
  "$type": "IncomingVerifyTarget",
  "Headers": "{}",
  "Id": "Guid 1"
}