[
  {
    $type: 'IncomingDelayedVerifyTarget',
    Headers: 'headers',
    Due: 'DateTime 1',
    Body: '{}'
  },
  {
    $type: 'IncomingDelayedVerifyTarget',
    Headers: '{}',
    Due: 'DateTime 2'
  },
  {
    $type: 'IncomingDelayedVerifyTarget',
    Headers: 'headers',
    Due: 'DateTime 3',
    Body: '{}'
  }
]