[
  {
    $type: 'Dictionary<string, object>',
    Id: 'Guid 1'
  }
]