[
  {
    $type: 'IncomingVerifyTarget',
    Headers: '{}',
    Id: 'Guid 1'
  },
  {
    $type: 'IncomingVerifyTarget',
    Headers: '{}',
    Id: 'Guid 2'
  }
]