CREATE TABLE [dbo].[DelayedQueueCreationTests](
	[Headers] [nvarchar](max) COLLATE Latin1_General_CI_AS NOT NULL,
	[BodyString]  AS (CONVERT([varchar](max),[Body])),
	[Body] [varbinary](max) NULL,
	[Due] [datetime] NOT NULL,
	[RowVersion] [bigint] IDENTITY(1,1) NOT NULL
) ON [PRIMARY] TEXTIMAGE_ON [PRIMARY]
